# serializer version: 1
# name: TestAllTasksRegistered.test_all_insights_tasks_registered_snapshot
  list([
    'insights.approvals.tasks.expire_old_change_requests',
    'insights.approvals.tasks.validate_pending_change_requests',
    'insights.caching.warming.schedule_warming_for_teams_task',
    'insights.caching.warming.warm_insight_cache_task',
    'insights.email._send_email',
    'insights.models.product_intent.product_intent.calculate_product_activation',
    'insights.session_recordings.playlist_counters.recordings_that_match_playlist_filters.count_recordings_that_match_playlist_filters',
    'insights.tasks.activity_log.broadcast_activity_log_to_organization',
    'insights.tasks.alerts.checks.alerts_backlog_task',
    'insights.tasks.alerts.checks.check_alert_task',
    'insights.tasks.alerts.checks.check_alerts_task',
    'insights.tasks.alerts.checks.checks_cleanup_task',
    'insights.tasks.alerts.checks.reset_stuck_alerts_task',
    'insights.tasks.async_migrations.run_async_migration',
    'insights.tasks.calculate_cohort.calculate_cohort_ch',
    'insights.tasks.calculate_cohort.calculate_cohort_from_list',
    'insights.tasks.calculate_cohort.collect_cohort_query_stats',
    'insights.tasks.calculate_cohort.insert_cohort_from_feature_flag',
    'insights.tasks.calculate_cohort.insert_cohort_from_query',
    'insights.tasks.demo_create_data.create_data_for_demo_team',
    'insights.tasks.early_access_feature.send_events_for_early_access_feature_stage_change',
    'insights.tasks.email.login_from_new_device_notification',
    'insights.tasks.email.send_async_migration_complete_email',
    'insights.tasks.email.send_async_migration_errored_email',
    'insights.tasks.email.send_canary_email',
    'insights.tasks.email.send_conversation_restore_email',
    'insights.tasks.email.send_discussions_mentioned',
    'insights.tasks.email.send_email_change_emails',
    'insights.tasks.email.send_email_mfa_link',
    'insights.tasks.email.send_email_verification',
    'insights.tasks.email.send_error_tracking_issue_assigned',
    'insights.tasks.email.send_error_tracking_weekly_digest',
    'insights.tasks.email.send_error_tracking_weekly_digest_for_team',
    'insights.tasks.email.send_fatal_plugin_error',
    'insights.tasks.email.send_hog_function_disabled',
    'insights.tasks.email.send_hog_functions_daily_digest',
    'insights.tasks.email.send_hog_functions_digest_email',
    'insights.tasks.email.send_invite',
    'insights.tasks.email.send_member_join',
    'insights.tasks.email.send_new_ticket_notification',
    'insights.tasks.email.send_oauth_token_exposed',
    'insights.tasks.email.send_organization_deleted_email',
    'insights.tasks.email.send_passkey_added_email',
    'insights.tasks.email.send_passkey_removed_email',
    'insights.tasks.email.send_password_changed_email',
    'insights.tasks.email.send_password_reset',
    'insights.tasks.email.send_personal_api_key_exposed',
    'insights.tasks.email.send_project_deleted_email',
    'insights.tasks.email.send_project_secret_api_key_exposed',
    'insights.tasks.email.send_team_hog_functions_digest',
    'insights.tasks.email.send_two_factor_auth_backup_code_used_email',
    'insights.tasks.email.send_two_factor_auth_disabled_email',
    'insights.tasks.email.send_two_factor_auth_enabled_email',
    'insights.tasks.email.send_two_factor_reset_email',
    'insights.tasks.exporter.export_asset',
    'insights.tasks.feature_flags.cleanup_stale_flags_expiry_tracking_task',
    'insights.tasks.feature_flags.compute_feature_flag_metrics',
    'insights.tasks.feature_flags.refresh_expiring_flags_cache_entries',
    'insights.tasks.feature_flags.sync_all_flags_cache',
    'insights.tasks.feature_flags.update_team_flags_cache',
    'insights.tasks.feature_flags.update_team_service_flags_cache',
    'insights.tasks.heatmap_screenshot.generate_heatmap_screenshot',
    'insights.tasks.hog_flows.refresh_affected_hog_flows',
    'insights.tasks.hog_functions.refresh_affected_hog_functions',
    'insights.tasks.hog_functions.sync_hog_function_templates_task',
    'insights.tasks.hypercache_verification.verify_and_fix_flags_cache_task',
    'insights.tasks.hypercache_verification.verify_and_fix_team_metadata_cache_task',
    'insights.tasks.integrations.push_vercel_secrets',
    'insights.tasks.integrations.refresh_integration',
    'insights.tasks.integrations.refresh_integrations',
    'insights.tasks.llm_analytics_usage_report.capture_llm_analytics_report',
    'insights.tasks.llm_analytics_usage_report.send_llm_analytics_usage_reports',
    'insights.tasks.plugin_server.fatal_plugin_error',
    'insights.tasks.plugin_server.hog_function_state_transition',
    'insights.tasks.remote_config.sync_all_remote_configs',
    'insights.tasks.remote_config.update_team_remote_config',
    'insights.tasks.split_person.split_person',
    'insights.tasks.surveys.sync_all_surveys_cache',
    'insights.tasks.surveys.update_team_surveys_cache',
    'insights.tasks.sync_billing.sync_from_billing',
    'insights.tasks.sync_billing.sync_members_to_billing',
    'insights.tasks.tasks.background_delete_model_task',
    'insights.tasks.tasks.calculate_cohort',
    'insights.tasks.tasks.calculate_decide_usage',
    'insights.tasks.tasks.check_async_migration_health',
    'insights.tasks.tasks.check_flags_to_rollback',
    'insights.tasks.tasks.clean_stale_partials',
    'insights.tasks.tasks.clear_clickhouse_deleted_person',
    'insights.tasks.tasks.clear_expired_sessions',
    'insights.tasks.tasks.clickhouse_clear_removed_data',
    'insights.tasks.tasks.clickhouse_errors_count',
    'insights.tasks.tasks.clickhouse_materialize_columns',
    'insights.tasks.tasks.clickhouse_mutation_count',
    'insights.tasks.tasks.clickhouse_part_count',
    'insights.tasks.tasks.clickhouse_row_count',
    'insights.tasks.tasks.clickhouse_send_license_usage',
    'insights.tasks.tasks.count_items_in_playlists',
    'insights.tasks.tasks.delete_expired_exported_assets',
    'insights.tasks.tasks.delete_organization_data_and_notify_task',
    'insights.tasks.tasks.delete_project_data_and_notify_task',
    'insights.tasks.tasks.demo_reset_master_team',
    'insights.tasks.tasks.find_flags_with_enriched_analytics',
    'insights.tasks.tasks.ingestion_lag',
    'insights.tasks.tasks.pg_plugin_server_query_timing',
    'insights.tasks.tasks.pg_row_count',
    'insights.tasks.tasks.pg_table_cache_hit_rate',
    'insights.tasks.tasks.poll_query_performance',
    'insights.tasks.tasks.process_query_task',
    'insights.tasks.tasks.process_scheduled_changes',
    'insights.tasks.tasks.redis_celery_queue_depth',
    'insights.tasks.tasks.redis_heartbeat',
    'insights.tasks.tasks.refresh_activity_log_fields_cache',
    'insights.tasks.tasks.replay_count_metrics',
    'insights.tasks.tasks.send_org_usage_reports',
    'insights.tasks.tasks.start_poll_query_performance',
    'insights.tasks.tasks.stop_surveys_reached_target',
    'insights.tasks.tasks.sync_all_organization_available_product_features',
    'insights.tasks.tasks.sync_feature_flag_last_called',
    'insights.tasks.tasks.sync_insight_cache_states_task',
    'insights.tasks.tasks.sync_insight_caching_state',
    'insights.tasks.tasks.sync_user_product_lists_for_new_team',
    'insights.tasks.tasks.update_cache_task',
    'insights.tasks.tasks.update_event_partitions',
    'insights.tasks.tasks.update_survey_adaptive_sampling',
    'insights.tasks.tasks.update_survey_iteration',
    'insights.tasks.tasks.verify_persons_data_in_sync',
    'insights.tasks.team_access_cache_tasks.warm_all_team_access_caches_task',
    'insights.tasks.team_access_cache_tasks.warm_organization_teams_cache_task',
    'insights.tasks.team_access_cache_tasks.warm_personal_api_key_deleted_cache_task',
    'insights.tasks.team_access_cache_tasks.warm_personal_api_key_teams_cache_task',
    'insights.tasks.team_access_cache_tasks.warm_team_cache_task',
    'insights.tasks.team_access_cache_tasks.warm_user_teams_cache_task',
    'insights.tasks.team_metadata.cleanup_stale_expiry_tracking_task',
    'insights.tasks.team_metadata.refresh_expiring_team_metadata_cache_entries',
    'insights.tasks.team_metadata.update_team_metadata_cache_task',
    'insights.tasks.usage_report.capture_report',
    'insights.tasks.usage_report.send_all_org_usage_reports',
    'insights.tasks.usage_report.send_report_to_billing_service',
    'insights.tasks.user_identify.identify_task',
    'insights.tasks.verify_persons_data_in_sync.verify_persons_data_in_sync',
    'insights.tasks.warehouse.validate_data_warehouse_table_columns',
  ])
# ---
