
> @hanzo/elements@0.0.0 build /home/z/work/hanzo/insights/frontend/@hanzo/elements
> pnpm build:source && pnpm build:types && ls -lah dist/


> @hanzo/elements@0.0.0 build:source /home/z/work/hanzo/insights/frontend/@hanzo/elements
> echo "Building source" && node build.mjs

Building source
🛳 Starting production build
(node:3078590) [DEP0180] DeprecationWarning: fs.Stats constructor is deprecated.
(Use `node --trace-deprecation ...` to show where the warning was created)
🧱 "@hanzo/elements": Building
Browserslist: browsers data (caniuse-lite) is 19 months old. Please run:
  npx update-browserslist-db@latest
  Why you should do it regularly: https://github.com/browserslist/update-db#readme
Browserslist: browsers data (caniuse-lite) is 19 months old. Please run:
  npx update-browserslist-db@latest
  Why you should do it regularly: https://github.com/browserslist/update-db#readme
🥇 "@hanzo/elements": Built in 2.232s

  [1mdist/index.js[0m [37m───────────────────────────────────────────────────────────────────────────────────────────────────────────────────────────────────────────────────────────────────────────────────────────────────────────[0m [1m17.0mb[0m [37m─[0m [1m100.0%[0m
   ├ ../../../node_modules/.pnpm/@jspm+core@2.0.1/node_modules/@jspm/core/nodelibs/browser/crypto.js[0m [37m───────────────────────────────────────────────────────────────────────────────────────────────────────────────────────[0m 1.4mb[0m [37m───[0m 8.0%[0m
   │ [37m └ ../../src/lib/iql.ts[0m
   │ [37m    └ ../../src/queries/nodes/DataVisualization/Components/Table.tsx[0m
   │ [37m       └ ../../src/queries/nodes/DataNode/LoadNext.tsx[0m
   │ [37m          └ ../../src/queries/nodes/DataTable/DataTable.tsx[0m
   │ [37m             └ ../../../products/llm_analytics/frontend/prompts/LLMPromptScene.tsx[0m
   │ [37m                └ ../../src/products.tsx[0m
   │ [37m                   └ ../../src/scenes/urls.ts[0m
   │ [37m                      └ ../../src/lib/elements/Link/Link.tsx[0m
   │ [37m                         └ ../../src/lib/elements/Link/index.ts[0m
   │ [37m                            └ src/index.ts[0m
   ├ ../../src/scenes/insights/views/WorldMap/countryVectors.tsx[0m [37m────────────────────────────────────────────────────────────────────────────────────────────────────────────────────────────────────────────────────────[0m 1011.5kb[0m [37m───[0m 5.8%[0m
   │ [37m └ ../../src/scenes/insights/views/WorldMap/WorldMap.tsx[0m
   │ [37m    └ ../../src/scenes/insights/views/WorldMap/index.ts[0m
   │ [37m       └ ../../src/scenes/trends/Trends.tsx[0m
   │ [37m          └ ../../src/queries/nodes/InsightViz/InsightVizDisplay.tsx[0m
   │ [37m             └ ../../src/queries/nodes/InsightViz/InsightViz.tsx[0m
   │ [37m                └ ../../src/queries/nodes/DataTable/DataTable.tsx[0m
   │ [37m                   └ ../../../products/llm_analytics/frontend/prompts/LLMPromptScene.tsx[0m
   │ [37m                      └ ../../src/products.tsx[0m
   │ [37m                         └ ../../src/scenes/urls.ts[0m
   │ [37m                            └ ../../src/lib/elements/Link/Link.tsx[0m
   │ [37m                               └ ../../src/lib/elements/Link/index.ts[0m
   │ [37m                                  └ src/index.ts[0m
   ├ ../../../node_modules/.pnpm/zxcvbn@4.4.2/node_modules/zxcvbn/lib/frequency_lists.js[0m [37m─────────────────────────────────────────────────────────────────────────────────────────────────────────────────────────────────[0m 774.4kb[0m [37m───[0m 4.5%[0m
   │ [37m └ ../../../node_modules/.pnpm/zxcvbn@4.4.2/node_modules/zxcvbn/lib/matching.js[0m
   │ [37m    └ ../../../node_modules/.pnpm/zxcvbn@4.4.2/node_modules/zxcvbn/lib/main.js[0m
   │ [37m       └ ../../src/lib/components/PasswordStrength.tsx[0m
   │ [37m          └ ../../src/scenes/settings/user/ChangePassword.tsx[0m
   │ [37m             └ ../../src/scenes/settings/SettingsMap.tsx[0m
   │ [37m                └ ../../src/scenes/settings/settingsLogic.ts[0m
   │ [37m                   └ ../../../products/error_tracking/frontend/scenes/ErrorTrackingConfigurationScene/ErrorTrackingConfigurationScene.tsx[0m
   │ [37m                      └ ../../src/products.tsx[0m
   │ [37m                         └ ../../src/scenes/urls.ts[0m
   │ [37m                            └ ../../src/lib/elements/Link/Link.tsx[0m
   │ [37m                               └ ../../src/lib/elements/Link/index.ts[0m
   │ [37m                                  └ src/index.ts[0m
   ├ ../../src/queries/schema.json[0m [37m───────────────────────────────────────────────────────────────────────────────────────────────────────────────────────────────────────────────────────────────────────────────────────[0m 575.4kb[0m [37m───[0m 3.3%[0m
   │ [37m └ ../../src/queries/QueryEditor/QueryEditor.tsx[0m
   │ [37m    └ ../../src/queries/Query/Query.tsx[0m
   │ [37m       └ ../../../products/llm_analytics/frontend/prompts/LLMPromptScene.tsx[0m
   │ [37m          └ ../../src/products.tsx[0m
   │ [37m             └ ../../src/scenes/urls.ts[0m
   │ [37m                └ ../../src/lib/elements/Link/Link.tsx[0m
   │ [37m                   └ ../../src/lib/elements/Link/index.ts[0m
   │ [37m                      └ src/index.ts[0m
   ├ ../../../node_modules/.pnpm/hls.js@1.5.15/node_modules/hls.js/dist/hls.mjs[0m [37m──────────────────────────────────────────────────────────────────────────────────────────────────────────────────────────────────────────[0m 386.7kb[0m [37m───[0m 2.2%[0m
   │ [37m └ ../../src/scenes/session-recordings/player/rrweb/index.ts[0m
   │ [37m    └ ../../src/scenes/session-recordings/player/sessionRecordingPlayerLogic.ts[0m
   │ [37m       └ ../../../products/session_summaries/frontend/SessionGroupSummaryDetailsModal.tsx[0m
   │ [37m          └ ../../../products/session_summaries/frontend/SessionGroupSummaryScene.tsx[0m
   │ [37m             └ ../../src/products.tsx[0m
   │ [37m                └ ../../src/scenes/urls.ts[0m
   │ [37m                   └ ../../src/lib/elements/Link/Link.tsx[0m
   │ [37m                      └ ../../src/lib/elements/Link/index.ts[0m
   │ [37m                         └ src/index.ts[0m
   ├ ../../../node_modules/.pnpm/@hanzo+insights-icons@0.36.6_react-dom@18.3.1_react@18.3.1__react@18.3.1/node_modules/@hanzo/insights-icons/dist/posthog-icons.es.js[0m [37m────────────────────────────────────────────────────[0m 267.9kb[0m [37m───[0m 1.5%[0m
   │ [37m └ ../../src/lib/elements/Spinner/Spinner.tsx[0m
   │ [37m    └ ../../src/lib/elements/Spinner/index.ts[0m
   │ [37m       └ src/index.ts[0m
   ├ ../../../node_modules/.pnpm/@hanzo+insights-rrweb@0.0.26/node_modules/@hanzo/insights-rrweb/dist/rrweb.js[0m [37m───────────────────────────────────────────────────────────────────────────────────────────────────────────[0m 258.6kb[0m [37m───[0m 1.5%[0m
   │ [37m └ ../../src/scenes/session-recordings/player/sessionRecordingPlayerLogic.ts[0m
   │ [37m    └ ../../../products/session_summaries/frontend/SessionGroupSummaryDetailsModal.tsx[0m
   │ [37m       └ ../../../products/session_summaries/frontend/SessionGroupSummaryScene.tsx[0m
   │ [37m          └ ../../src/products.tsx[0m
   │ [37m             └ ../../src/scenes/urls.ts[0m
   │ [37m                └ ../../src/lib/elements/Link/Link.tsx[0m
   │ [37m                   └ ../../src/lib/elements/Link/index.ts[0m
   │ [37m                      └ src/index.ts[0m
   ├ ../../../node_modules/.pnpm/monaco-vim@0.4.4_monaco-editor@0.55.1/node_modules/monaco-vim/dist/monaco-vim.umd.js[0m [37m────────────────────────────────────────────────────────────────────────────────────────────────────[0m 213.6kb[0m [37m───[0m 1.2%[0m
   │ [37m └ ../../src/lib/monaco/CodeEditor.tsx[0m
   │ [37m    └ ../../../products/endpoints/frontend/endpoint-tabs/EndpointQuery.tsx[0m
   │ [37m       └ ../../../products/endpoints/frontend/EndpointScene.tsx[0m
   │ [37m          └ ../../src/products.tsx[0m
   │ [37m             └ ../../src/scenes/urls.ts[0m
   │ [37m                └ ../../src/lib/elements/Link/Link.tsx[0m
   │ [37m                   └ ../../src/lib/elements/Link/index.ts[0m
   │ [37m                      └ src/index.ts[0m
   ├ ../../../node_modules/.pnpm/@hanzo+insights@1.358.1/node_modules/@hanzo/insights/dist/module.js[0m [37m─────────────────────────────────────────────────────────────────────────────────────────────────────────────────────[0m 179.0kb[0m [37m───[0m 1.0%[0m
   │ [37m └ ../../src/lib/elements/Spinner/Spinner.tsx[0m
   │ [37m    └ ../../src/lib/elements/Spinner/index.ts[0m
   │ [37m       └ src/index.ts[0m
   ├ ../../../node_modules/.pnpm/chart.js@4.5.1/node_modules/chart.js/dist/chart.js[0m [37m──────────────────────────────────────────────────────────────────────────────────────────────────────────────────────────────────────[0m 162.7kb[0m [37m───[0m 0.9%[0m
   │ [37m └ ../../src/lib/Chart.ts[0m
   │ [37m    └ ../../src/lib/hooks/useChart.ts[0m
   │ [37m       └ ../../../products/llm_analytics/frontend/clusters/ClusterDetailScatterPlot.tsx[0m
   │ [37m          └ ../../../products/llm_analytics/frontend/clusters/LLMAnalyticsClusterScene.tsx[0m
   │ [37m             └ ../../src/products.tsx[0m
   │ [37m                └ ../../src/scenes/urls.ts[0m
   │ [37m                   └ ../../src/lib/elements/Link/Link.tsx[0m
   │ [37m                      └ ../../src/lib/elements/Link/index.ts[0m
   │ [37m                         └ src/index.ts[0m
   ├ ../../../node_modules/.pnpm/re2js@0.4.1/node_modules/re2js/build/index.esm.js[0m [37m───────────────────────────────────────────────────────────────────────────────────────────────────────────────────────────────────────[0m 154.5kb[0m [37m───[0m 0.9%[0m
   │ [37m └ ../../src/lib/components/PropertyFilters/components/OperatorValueSelect.tsx[0m
   │ [37m    └ ../../src/lib/components/PropertyFilters/components/TaxonomicPropertyFilter.tsx[0m
   │ [37m       └ ../../src/lib/components/PropertyFilters/PropertyFilters.tsx[0m
   │ [37m          └ ../../../products/llm_analytics/frontend/LLMAnalyticsScene.tsx[0m
   │ [37m             └ ../../src/products.tsx[0m
   │ [37m                └ ../../src/scenes/urls.ts[0m
   │ [37m                   └ ../../src/lib/elements/Link/Link.tsx[0m
   │ [37m                      └ ../../src/lib/elements/Link/index.ts[0m
   │ [37m                         └ src/index.ts[0m
   ├ ../../src/taxonomy/core-filter-definitions-by-group.json[0m [37m────────────────────────────────────────────────────────────────────────────────────────────────────────────────────────────────────────────────────────────[0m 140.1kb[0m [37m───[0m 0.8%[0m
   │ [37m └ ../../src/taxonomy/taxonomy.tsx[0m
   │ [37m    └ ../../src/lib/utils/eventUsageLogic.ts[0m
   │ [37m       └ ../../src/scenes/teamLogic.tsx[0m
   │ [37m          └ ../../src/lib/elements/Calendar/Calendar.tsx[0m
   │ [37m             └ ../../src/lib/elements/Calendar/index.ts[0m
   │ [37m                └ src/index.ts[0m
   ├ ../../../node_modules/.pnpm/@microlink+react-json-view@1.26.2_@types+react@18.3.27_react-dom@18.3.1_react@18.3.1__react@18.3.1/node_modules/@microlink/react-json-view/dist/main.js[0m [37m─────────────────────────────────[0m 124.3kb[0m [37m───[0m 0.7%[0m
   │ [37m └ ../../src/lib/components/JSONViewer.tsx[0m
   │ [37m    └ ../../../products/llm_analytics/frontend/LLMAnalyticsTraceScene.tsx[0m
   │ [37m       └ ../../src/products.tsx[0m
   │ [37m          └ ../../src/scenes/urls.ts[0m
   │ [37m             └ ../../src/lib/elements/Link/Link.tsx[0m
   │ [37m                └ ../../src/lib/elements/Link/index.ts[0m
   │ [37m                   └ src/index.ts[0m
   ├ ../../../node_modules/.pnpm/monaco-editor@0.55.1/node_modules/monaco-editor/esm/vs/editor/common/config/editorOptions.js[0m [37m─────────────────────────────────────────────────────────────────────────────────────────────[0m 98.2kb[0m [37m───[0m 0.6%[0m
   │ [37m └ ../../../node_modules/.pnpm/monaco-editor@0.55.1/node_modules/monaco-editor/esm/vs/editor/editor.api2.js[0m
   │ [37m    └ ../../../node_modules/.pnpm/monaco-editor@0.55.1/node_modules/monaco-editor/esm/vs/editor/editor.main.js[0m
   │ [37m       └ ../../src/lib/components/MonacoDiffEditor.tsx[0m
   │ [37m          └ ../../src/lib/components/ActivityLog/ActivityLog.tsx[0m
   │ [37m             └ ../../../products/workflows/frontend/Workflows/WorkflowScene.tsx[0m
   │ [37m                └ ../../src/products.tsx[0m
   │ [37m                   └ ../../src/scenes/urls.ts[0m
   │ [37m                      └ ../../src/lib/elements/Link/Link.tsx[0m
   │ [37m                         └ ../../src/lib/elements/Link/index.ts[0m
   │ [37m                            └ src/index.ts[0m
   ├ ../../../node_modules/.pnpm/prosemirror-view@1.40.1/node_modules/prosemirror-view/dist/index.js[0m [37m──────────────────────────────────────────────────────────────────────────────────────────────────────────────────────[0m 94.4kb[0m [37m───[0m 0.5%[0m
   │ [37m └ ../../../node_modules/.pnpm/@tiptap+pm@3.19.0/node_modules/@tiptap/pm/dist/view/index.js[0m
   │ [37m    └ ../../../node_modules/.pnpm/@tiptap+core@3.19.0_@tiptap+pm@3.19.0/node_modules/@tiptap/core/dist/index.js[0m
   │ [37m       └ ../../src/lib/components/RichContentEditor/RichContentNodeMention.tsx[0m
   │ [37m          └ ../../src/lib/elements/Markdown/Markdown.tsx[0m
   │ [37m             └ ../../src/lib/elements/Markdown/index.ts[0m
   │ [37m                └ ../../src/lib/components/Cards/TextCard/TextCard.tsx[0m
   │ [37m                   └ ../../src/lib/elements/TextArea/TextAreaMarkdown.tsx[0m
   │ [37m                      └ ../../src/lib/elements/TextArea/index.ts[0m
   │ [37m                         └ src/index.ts[0m
   ├ ../../src/lib/api.ts[0m [37m─────────────────────────────────────────────────────────────────────────────────────────────────────────────────────────────────────────────────────────────────────────────────────────────────[0m 86.9kb[0m [37m───[0m 0.5%[0m
   │ [37m └ ../../src/scenes/userLogic.ts[0m
   │ [37m    └ ../../src/lib/elements/ProfilePicture/ProfilePicture.tsx[0m
   │ [37m       └ ../../src/lib/elements/ProfilePicture/index.ts[0m
   │ [37m          └ src/index.ts[0m
   ├ ../../../node_modules/.pnpm/@tiptap+core@3.19.0_@tiptap+pm@3.19.0/node_modules/@tiptap/core/dist/index.js[0m [37m────────────────────────────────────────────────────────────────────────────────────────────────────────────[0m 76.8kb[0m [37m───[0m 0.4%[0m
   │ [37m └ ../../src/lib/components/RichContentEditor/RichContentNodeMention.tsx[0m
   │ [37m    └ ../../src/lib/elements/Markdown/Markdown.tsx[0m
   │ [37m       └ ../../src/lib/elements/Markdown/index.ts[0m
   │ [37m          └ ../../src/lib/components/Cards/TextCard/TextCard.tsx[0m
   │ [37m             └ ../../src/lib/elements/TextArea/TextAreaMarkdown.tsx[0m
   │ [37m                └ ../../src/lib/elements/TextArea/index.ts[0m
   │ [37m                   └ src/index.ts[0m
   ├ ../../../node_modules/.pnpm/@hanzo+insights@1.358.1/node_modules/@hanzo/insights/dist/surveys-preview.js[0m [37m─────────────────────────────────────────────────────────────────────────────────────────────────────────────[0m 75.3kb[0m [37m───[0m 0.4%[0m
   │ [37m └ ../../../products/llm_analytics/frontend/feedback-view/wizard/FeedbackPreviewMock.tsx[0m
   │ [37m    └ ../../../products/llm_analytics/frontend/feedback-view/wizard/FeedbackSurveyWizard.tsx[0m
   │ [37m       └ ../../../products/llm_analytics/frontend/feedback-view/FeedbackViewDisplay.tsx[0m
   │ [37m          └ ../../../products/llm_analytics/frontend/LLMAnalyticsTraceScene.tsx[0m
   │ [37m             └ ../../src/products.tsx[0m
   │ [37m                └ ../../src/scenes/urls.ts[0m
   │ [37m                   └ ../../src/lib/elements/Link/Link.tsx[0m
   │ [37m                      └ ../../src/lib/elements/Link/index.ts[0m
   │ [37m                         └ src/index.ts[0m
   ├ ../../../node_modules/.pnpm/monaco-editor@0.55.1/node_modules/monaco-editor/esm/external/monaco-lsp-client/out/index.js[0m [37m──────────────────────────────────────────────────────────────────────────────────────────────[0m 74.8kb[0m [37m───[0m 0.4%[0m
   │ [37m └ ../../../node_modules/.pnpm/monaco-editor@0.55.1/node_modules/monaco-editor/esm/vs/editor/editor.main.js[0m
   │ [37m    └ ../../src/lib/components/MonacoDiffEditor.tsx[0m
   │ [37m       └ ../../src/lib/components/ActivityLog/ActivityLog.tsx[0m
   │ [37m          └ ../../../products/workflows/frontend/Workflows/WorkflowScene.tsx[0m
   │ [37m             └ ../../src/products.tsx[0m
   │ [37m                └ ../../src/scenes/urls.ts[0m
   │ [37m                   └ ../../src/lib/elements/Link/Link.tsx[0m
   │ [37m                      └ ../../src/lib/elements/Link/index.ts[0m
   │ [37m                         └ src/index.ts[0m
   ├ ../../../node_modules/.pnpm/liquidjs@10.21.1/node_modules/liquidjs/dist/liquid.browser.mjs[0m [37m───────────────────────────────────────────────────────────────────────────────────────────────────────────────────────────[0m 74.4kb[0m [37m───[0m 0.4%[0m
   │ [37m └ ../../src/lib/utils/liquid.ts[0m
   │ [37m    └ ../../../products/workflows/frontend/Workflows/workflowLogic.ts[0m
   │ [37m       └ ../../../products/workflows/frontend/Workflows/WorkflowScene.tsx[0m
   │ [37m          └ ../../src/products.tsx[0m
   │ [37m             └ ../../src/scenes/urls.ts[0m
   │ [37m                └ ../../src/lib/elements/Link/Link.tsx[0m
   │ [37m                   └ ../../src/lib/elements/Link/index.ts[0m
   │ [37m                      └ src/index.ts[0m
   ├ ../../../node_modules/.pnpm/@jspm+core@2.0.1/node_modules/@jspm/core/nodelibs/browser/chunk-44e51b61.js[0m [37m──────────────────────────────────────────────────────────────────────────────────────────────────────────────[0m 63.5kb[0m [37m───[0m 0.4%[0m
   │ [37m └ ../../../node_modules/.pnpm/@jspm+core@2.0.1/node_modules/@jspm/core/nodelibs/browser/crypto.js[0m
   │ [37m    └ ../../src/lib/iql.ts[0m
   │ [37m       └ ../../src/queries/nodes/DataVisualization/Components/Table.tsx[0m
   │ [37m          └ ../../src/queries/nodes/DataNode/LoadNext.tsx[0m
   │ [37m             └ ../../src/queries/nodes/DataTable/DataTable.tsx[0m
   │ [37m                └ ../../../products/llm_analytics/frontend/prompts/LLMPromptScene.tsx[0m
   │ [37m                   └ ../../src/products.tsx[0m
   │ [37m                      └ ../../src/scenes/urls.ts[0m
   │ [37m                         └ ../../src/lib/elements/Link/Link.tsx[0m
   │ [37m                            └ ../../src/lib/elements/Link/index.ts[0m
   │ [37m                               └ src/index.ts[0m
   ├ ../../src/queries/validators.js[0m [37m──────────────────────────────────────────────────────────────────────────────────────────────────────────────────────────────────────────────────────────────────────────────────────[0m 62.0kb[0m [37m───[0m 0.4%[0m
   │ [37m └ ../../src/queries/schema-guards.ts[0m
   │ [37m    └ ../../../products/revenue_analytics/frontend/revenueAnalyticsLogic.ts[0m
   │ [37m       └ ../../../products/revenue_analytics/frontend/RevenueAnalyticsScene.tsx[0m
   │ [37m          └ ../../src/products.tsx[0m
   │ [37m             └ ../../src/scenes/urls.ts[0m
   │ [37m                └ ../../src/lib/elements/Link/Link.tsx[0m
   │ [37m                   └ ../../src/lib/elements/Link/index.ts[0m
   │ [37m                      └ src/index.ts[0m
   ├ ../../../common/scriptvm/typescript/dist/module.js[0m [37m───────────────────────────────────────────────────────────────────────────────────────────────────────────────────────────────────────────────────────────────────[0m 58.4kb[0m [37m───[0m 0.3%[0m
   │ [37m └ ../../src/lib/components/CyclotronJob/cyclotronJobTemplateSuggestionsLogic.tsx[0m
   │ [37m    └ ../../src/lib/components/CyclotronJob/CyclotronJobTemplateSuggestions.tsx[0m
   │ [37m       └ ../../src/scenes/insights-functions/email-templater/EmailTemplater.tsx[0m
   │ [37m          └ ../../../products/workflows/frontend/TemplateLibrary/MessageTemplate.tsx[0m
   │ [37m             └ ../../src/products.tsx[0m
   │ [37m                └ ../../src/scenes/urls.ts[0m
   │ [37m                   └ ../../src/lib/elements/Link/Link.tsx[0m
   │ [37m                      └ ../../src/lib/elements/Link/index.ts[0m
   │ [37m                         └ src/index.ts[0m
   ├ ../../../node_modules/.pnpm/monaco-editor@0.55.1/node_modules/monaco-editor/esm/vs/base/common/strings.js[0m [37m────────────────────────────────────────────────────────────────────────────────────────────────────────────[0m 58.0kb[0m [37m───[0m 0.3%[0m
   │ [37m └ ../../../node_modules/.pnpm/monaco-editor@0.55.1/node_modules/monaco-editor/esm/vs/editor/contrib/unicodeHighlighter/browser/unicodeHighlighter.js[0m
   │ [37m    └ ../../../node_modules/.pnpm/monaco-editor@0.55.1/node_modules/monaco-editor/esm/vs/editor/editor.main.js[0m
   │ [37m       └ ../../src/lib/components/MonacoDiffEditor.tsx[0m
   │ [37m          └ ../../src/lib/components/ActivityLog/ActivityLog.tsx[0m
   │ [37m             └ ../../../products/workflows/frontend/Workflows/WorkflowScene.tsx[0m
   │ [37m                └ ../../src/products.tsx[0m
   │ [37m                   └ ../../src/scenes/urls.ts[0m
   │ [37m                      └ ../../src/lib/elements/Link/Link.tsx[0m
   │ [37m                         └ ../../src/lib/elements/Link/index.ts[0m
   │ [37m                            └ src/index.ts[0m
   ├ ../../src/lib/elements/icons/icons.tsx[0m [37m───────────────────────────────────────────────────────────────────────────────────────────────────────────────────────────────────────────────────────────────────────────────[0m 53.3kb[0m [37m───[0m 0.3%[0m
   │ [37m └ ../../src/lib/elements/icons/index.ts[0m
   │ [37m    └ ../../src/lib/elements/ProfilePicture/ProfilePicture.tsx[0m
   │ [37m       └ ../../src/lib/elements/ProfilePicture/index.ts[0m
   │ [37m          └ src/index.ts[0m
   ├ ../../../node_modules/.pnpm/zod@3.25.76/node_modules/zod/v3/types.js[0m [37m─────────────────────────────────────────────────────────────────────────────────────────────────────────────────────────────────────────────────[0m 49.8kb[0m [37m───[0m 0.3%[0m
   │ [37m └ ../../../node_modules/.pnpm/zod@3.25.76/node_modules/zod/v3/external.js[0m
   │ [37m    └ ../../../node_modules/.pnpm/zod@3.25.76/node_modules/zod/index.js[0m
   │ [37m       └ ../../../products/workflows/frontend/Workflows/insightsflows/steps/types.ts[0m
   │ [37m          └ ../../../products/workflows/frontend/Workflows/workflowLogic.ts[0m
   │ [37m             └ ../../../products/workflows/frontend/Workflows/WorkflowScene.tsx[0m
   │ [37m                └ ../../src/products.tsx[0m
   │ [37m                   └ ../../src/scenes/urls.ts[0m
   │ [37m                      └ ../../src/lib/elements/Link/Link.tsx[0m
   │ [37m                         └ ../../src/lib/elements/Link/index.ts[0m
   │ [37m                            └ src/index.ts[0m
   ├ ../../../node_modules/.pnpm/image-blob-reduce@4.1.0/node_modules/image-blob-reduce/dist/image-blob-reduce.esm.mjs[0m [37m────────────────────────────────────────────────────────────────────────────────────────────────────[0m 48.1kb[0m [37m───[0m 0.3%[0m
   │ [37m └ ../../src/lib/hooks/useUploadFiles.ts[0m
   │ [37m    └ ../../src/lib/elements/TextArea/TextAreaMarkdown.tsx[0m
   │ [37m       └ ../../src/lib/elements/TextArea/index.ts[0m
   │ [37m          └ src/index.ts[0m
   ├ ../../../node_modules/.pnpm/monaco-editor@0.55.1/node_modules/monaco-editor/esm/vs/editor/browser/widget/codeEditor/codeEditorWidget.js[0m [37m──────────────────────────────────────────────────────────────────────────────[0m 44.7kb[0m [37m───[0m 0.3%[0m
   │ [37m └ ../../../node_modules/.pnpm/monaco-editor@0.55.1/node_modules/monaco-editor/esm/vs/editor/editor.main.js[0m
   │ [37m    └ ../../src/lib/components/MonacoDiffEditor.tsx[0m
   │ [37m       └ ../../src/lib/components/ActivityLog/ActivityLog.tsx[0m
   │ [37m          └ ../../../products/workflows/frontend/Workflows/WorkflowScene.tsx[0m
   │ [37m             └ ../../src/products.tsx[0m
   │ [37m                └ ../../src/scenes/urls.ts[0m
   │ [37m                   └ ../../src/lib/elements/Link/Link.tsx[0m
   │ [37m                      └ ../../src/lib/elements/Link/index.ts[0m
   │ [37m                         └ src/index.ts[0m
   ├ ../../src/lib/utils/eventUsageLogic.ts[0m [37m───────────────────────────────────────────────────────────────────────────────────────────────────────────────────────────────────────────────────────────────────────────────[0m 44.7kb[0m [37m───[0m 0.3%[0m
   │ [37m └ ../../src/scenes/teamLogic.tsx[0m
   │ [37m    └ ../../src/lib/elements/Calendar/Calendar.tsx[0m
   │ [37m       └ ../../src/lib/elements/Calendar/index.ts[0m
   │ [37m          └ src/index.ts[0m
   ├ ../../../node_modules/.pnpm/monaco-editor@0.55.1/node_modules/monaco-editor/esm/vs/base/browser/ui/tree/abstractTree.js[0m [37m──────────────────────────────────────────────────────────────────────────────────────────────[0m 44.3kb[0m [37m───[0m 0.3%[0m
   │ [37m └ ../../../node_modules/.pnpm/monaco-editor@0.55.1/node_modules/monaco-editor/esm/vs/platform/list/browser/listService.js[0m
   │ [37m    └ ../../../node_modules/.pnpm/monaco-editor@0.55.1/node_modules/monaco-editor/esm/vs/editor/contrib/gotoSymbol/browser/peek/referencesController.js[0m
   │ [37m       └ ../../../node_modules/.pnpm/monaco-editor@0.55.1/node_modules/monaco-editor/esm/vs/editor/standalone/browser/referenceSearch/standaloneReferenceSearch.js[0m
   │ [37m          └ ../../../node_modules/.pnpm/monaco-editor@0.55.1/node_modules/monaco-editor/esm/vs/editor/editor.main.js[0m
   │ [37m             └ ../../src/lib/components/MonacoDiffEditor.tsx[0m
   │ [37m                └ ../../src/lib/components/ActivityLog/ActivityLog.tsx[0m
   │ [37m                   └ ../../../products/workflows/frontend/Workflows/WorkflowScene.tsx[0m
   │ [37m                      └ ../../src/products.tsx[0m
   │ [37m                         └ ../../src/scenes/urls.ts[0m
   │ [37m                            └ ../../src/lib/elements/Link/Link.tsx[0m
   │ [37m                               └ ../../src/lib/elements/Link/index.ts[0m
   │ [37m                                  └ src/index.ts[0m
   ├ ../../../node_modules/.pnpm/prosemirror-model@1.25.2/node_modules/prosemirror-model/dist/index.js[0m [37m────────────────────────────────────────────────────────────────────────────────────────────────────────────────────[0m 43.6kb[0m [37m───[0m 0.3%[0m
   │ [37m └ ../../../node_modules/.pnpm/@tiptap+pm@3.19.0/node_modules/@tiptap/pm/dist/model/index.js[0m
   │ [37m    └ ../../../node_modules/.pnpm/@tiptap+core@3.19.0_@tiptap+pm@3.19.0/node_modules/@tiptap/core/dist/index.js[0m
   │ [37m       └ ../../src/lib/components/RichContentEditor/RichContentNodeMention.tsx[0m
   │ [37m          └ ../../src/lib/elements/Markdown/Markdown.tsx[0m
   │ [37m             └ ../../src/lib/elements/Markdown/index.ts[0m
   │ [37m                └ ../../src/lib/components/Cards/TextCard/TextCard.tsx[0m
   │ [37m                   └ ../../src/lib/elements/TextArea/TextAreaMarkdown.tsx[0m
   │ [37m                      └ ../../src/lib/elements/TextArea/index.ts[0m
   │ [37m                         └ src/index.ts[0m
   ├ ../../../node_modules/.pnpm/monaco-editor@0.55.1/node_modules/monaco-editor/esm/vs/editor/common/model/textModel.js[0m [37m──────────────────────────────────────────────────────────────────────────────────────────────────[0m 43.2kb[0m [37m───[0m 0.2%[0m
   │ [37m └ ../../../node_modules/.pnpm/monaco-editor@0.55.1/node_modules/monaco-editor/esm/vs/editor/contrib/unicodeHighlighter/browser/unicodeHighlighter.js[0m
   │ [37m    └ ../../../node_modules/.pnpm/monaco-editor@0.55.1/node_modules/monaco-editor/esm/vs/editor/editor.main.js[0m
   │ [37m       └ ../../src/lib/components/MonacoDiffEditor.tsx[0m
   │ [37m          └ ../../src/lib/components/ActivityLog/ActivityLog.tsx[0m
   │ [37m             └ ../../../products/workflows/frontend/Workflows/WorkflowScene.tsx[0m
   │ [37m                └ ../../src/products.tsx[0m
   │ [37m                   └ ../../src/scenes/urls.ts[0m
   │ [37m                      └ ../../src/lib/elements/Link/Link.tsx[0m
   │ [37m                         └ ../../src/lib/elements/Link/index.ts[0m
   │ [37m                            └ src/index.ts[0m
   ├ ../../src/scenes/settings/SettingsMap.tsx[0m [37m────────────────────────────────────────────────────────────────────────────────────────────────────────────────────────────────────────────────────────────────────────────[0m 40.9kb[0m [37m───[0m 0.2%[0m
   │ [37m └ ../../src/scenes/settings/settingsLogic.ts[0m
   │ [37m    └ ../../../products/error_tracking/frontend/scenes/ErrorTrackingConfigurationScene/ErrorTrackingConfigurationScene.tsx[0m
   │ [37m       └ ../../src/products.tsx[0m
   │ [37m          └ ../../src/scenes/urls.ts[0m
   │ [37m             └ ../../src/lib/elements/Link/Link.tsx[0m
   │ [37m                └ ../../src/lib/elements/Link/index.ts[0m
   │ [37m                   └ src/index.ts[0m
   ├ ../../../node_modules/.pnpm/marked@17.0.3/node_modules/marked/lib/marked.esm.js[0m [37m──────────────────────────────────────────────────────────────────────────────────────────────────────────────────────────────────────[0m 40.9kb[0m [37m───[0m 0.2%[0m
   │ [37m └ ../../../node_modules/.pnpm/@tiptap+markdown@3.19.0_@tiptap+core@3.19.0_@tiptap+pm@3.19.0__@tiptap+pm@3.19.0/node_modules/@tiptap/markdown/dist/index.js[0m
   │ [37m    └ ../../src/scenes/max/utils/markdownToTiptap.ts[0m
   │ [37m       └ ../../src/scenes/max/messages/NotebookArtifactAnswer.tsx[0m
   │ [37m          └ ../../src/scenes/max/Thread.tsx[0m
   │ [37m             └ ../../src/scenes/max/maxThreadLogic.tsx[0m
   │ [37m                └ ../../src/scenes/max/maxLogic.tsx[0m
   │ [37m                   └ ../../src/scenes/max/maxGlobalLogic.tsx[0m
   │ [37m                      └ ../../../products/llm_analytics/frontend/LLMAnalyticsSessionScene.tsx[0m
   │ [37m                         └ ../../src/products.tsx[0m
   │ [37m                            └ ../../src/scenes/urls.ts[0m
   │ [37m                               └ ../../src/lib/elements/Link/Link.tsx[0m
   │ [37m                                  └ ../../src/lib/elements/Link/index.ts[0m
   │ [37m                                     └ src/index.ts[0m
   ├ ../../../node_modules/.pnpm/d3-geo@2.0.2/node_modules/d3-geo/dist/d3-geo.js[0m [37m──────────────────────────────────────────────────────────────────────────────────────────────────────────────────────────────────────────[0m 40.1kb[0m [37m───[0m 0.2%[0m
   │ [37m └ ../../../node_modules/.pnpm/react-simple-maps@3.0.0_prop-types@15.8.1_react-dom@18.3.1_react@18.3.1__react@18.3.1/node_modules/react-simple-maps/dist/index.umd.js[0m
   │ [37m    └ ../../src/scenes/insights/views/RegionMap/RegionMap.tsx[0m
   │ [37m       └ ../../src/scenes/insights/views/RegionMap/index.ts[0m
   │ [37m          └ ../../src/scenes/trends/Trends.tsx[0m
   │ [37m             └ ../../src/queries/nodes/InsightViz/InsightVizDisplay.tsx[0m
   │ [37m                └ ../../src/queries/nodes/InsightViz/InsightViz.tsx[0m
   │ [37m                   └ ../../src/queries/nodes/DataTable/DataTable.tsx[0m
   │ [37m                      └ ../../../products/llm_analytics/frontend/prompts/LLMPromptScene.tsx[0m
   │ [37m                         └ ../../src/products.tsx[0m
   │ [37m                            └ ../../src/scenes/urls.ts[0m
   │ [37m                               └ ../../src/lib/elements/Link/Link.tsx[0m
   │ [37m                                  └ ../../src/lib/elements/Link/index.ts[0m
   │ [37m                                     └ src/index.ts[0m
   ├ ../../src/products.tsx[0m [37m───────────────────────────────────────────────────────────────────────────────────────────────────────────────────────────────────────────────────────────────────────────────────────────────[0m 39.8kb[0m [37m───[0m 0.2%[0m
   │ [37m └ ../../src/scenes/urls.ts[0m
   │ [37m    └ ../../src/lib/elements/Link/Link.tsx[0m
   │ [37m       └ ../../src/lib/elements/Link/index.ts[0m
   │ [37m          └ src/index.ts[0m
   ├ ../../../node_modules/.pnpm/@dnd-kit+core@6.0.8_react-dom@18.3.1_react@18.3.1__react@18.3.1/node_modules/@dnd-kit/core/dist/core.esm.js[0m [37m──────────────────────────────────────────────────────────────────────────────[0m 38.8kb[0m [37m───[0m 0.2%[0m
   │ [37m └ ../../src/lib/elements/InputSelect/InputSelect.tsx[0m
   │ [37m    └ ../../src/lib/elements/InputSelect/index.ts[0m
   │ [37m       └ src/index.ts[0m
   ├ ../../../node_modules/.pnpm/marked@15.0.11/node_modules/marked/lib/marked.esm.js[0m [37m─────────────────────────────────────────────────────────────────────────────────────────────────────────────────────────────────────[0m 38.3kb[0m [37m───[0m 0.2%[0m
   │ [37m └ ../../src/lib/utils/stripMarkdown.ts[0m
   │ [37m    └ ../../../products/conversations/frontend/scenes/tickets/SupportTicketsScene.tsx[0m
   │ [37m       └ ../../src/products.tsx[0m
   │ [37m          └ ../../src/scenes/urls.ts[0m
   │ [37m             └ ../../src/lib/elements/Link/Link.tsx[0m
   │ [37m                └ ../../src/lib/elements/Link/index.ts[0m
   │ [37m                   └ src/index.ts[0m
   ├ ../../src/scenes/web-analytics/webAnalyticsLogic.tsx[0m [37m─────────────────────────────────────────────────────────────────────────────────────────────────────────────────────────────────────────────────────────────────[0m 37.2kb[0m [37m───[0m 0.2%[0m
   │ [37m └ ../../src/queries/nodes/WebVitals/WebVitalsPathBreakdown.tsx[0m
   │ [37m    └ ../../src/queries/Query/Query.tsx[0m
   │ [37m       └ ../../../products/llm_analytics/frontend/prompts/LLMPromptScene.tsx[0m
   │ [37m          └ ../../src/products.tsx[0m
   │ [37m             └ ../../src/scenes/urls.ts[0m
   │ [37m                └ ../../src/lib/elements/Link/Link.tsx[0m
   │ [37m                   └ ../../src/lib/elements/Link/index.ts[0m
   │ [37m                      └ src/index.ts[0m
   ├ ../../../node_modules/.pnpm/chartjs-plugin-annotation@3.1.0_chart.js@4.5.1/node_modules/chartjs-plugin-annotation/dist/chartjs-plugin-annotation.esm.js[0m [37m──────────────────────────────────────────────────────────────[0m 36.8kb[0m [37m───[0m 0.2%[0m
   │ [37m └ ../../src/queries/nodes/DataVisualization/Components/Charts/LineGraph.tsx[0m
   │ [37m    └ ../../src/lib/components/AppMetrics/AppMetricsTrends.tsx[0m
   │ [37m       └ ../../../products/workflows/frontend/Workflows/WorkflowMetrics.tsx[0m
   │ [37m          └ ../../../products/workflows/frontend/Workflows/WorkflowScene.tsx[0m
   │ [37m             └ ../../src/products.tsx[0m
   │ [37m                └ ../../src/scenes/urls.ts[0m
   │ [37m                   └ ../../src/lib/elements/Link/Link.tsx[0m
   │ [37m                      └ ../../src/lib/elements/Link/index.ts[0m
   │ [37m                         └ src/index.ts[0m
   ├ ../../src/scenes/experiments/experimentLogic.tsx[0m [37m─────────────────────────────────────────────────────────────────────────────────────────────────────────────────────────────────────────────────────────────────────[0m 36.0kb[0m [37m───[0m 0.2%[0m
   │ [37m └ ../../src/scenes/feature-flags/featureFlagLogic.ts[0m
   │ [37m    └ ../../src/lib/components/FlagSelector.tsx[0m
   │ [37m       └ ../../../products/early_access_features/frontend/EarlyAccessFeature.tsx[0m
   │ [37m          └ ../../src/products.tsx[0m
   │ [37m             └ ../../src/scenes/urls.ts[0m
   │ [37m                └ ../../src/lib/elements/Link/Link.tsx[0m
   │ [37m                   └ ../../src/lib/elements/Link/index.ts[0m
   │ [37m                      └ src/index.ts[0m
   ├ ../../../node_modules/.pnpm/monaco-editor@0.55.1/node_modules/monaco-editor/esm/vs/base/common/marked/marked.js[0m [37m──────────────────────────────────────────────────────────────────────────────────────────────────────[0m 34.8kb[0m [37m───[0m 0.2%[0m
   │ [37m └ ../../../node_modules/.pnpm/monaco-editor@0.55.1/node_modules/monaco-editor/esm/vs/base/browser/markdownRenderer.js[0m
   │ [37m    └ ../../../node_modules/.pnpm/monaco-editor@0.55.1/node_modules/monaco-editor/esm/vs/editor/contrib/message/browser/messageController.js[0m
   │ [37m       └ ../../../node_modules/.pnpm/monaco-editor@0.55.1/node_modules/monaco-editor/esm/vs/editor/contrib/readOnlyMessage/browser/contribution.js[0m
   │ [37m          └ ../../../node_modules/.pnpm/monaco-editor@0.55.1/node_modules/monaco-editor/esm/vs/editor/editor.main.js[0m
   │ [37m             └ ../../src/lib/components/MonacoDiffEditor.tsx[0m
   │ [37m                └ ../../src/lib/components/ActivityLog/ActivityLog.tsx[0m
   │ [37m                   └ ../../../products/workflows/frontend/Workflows/WorkflowScene.tsx[0m
   │ [37m                      └ ../../src/products.tsx[0m
   │ [37m                         └ ../../src/scenes/urls.ts[0m
   │ [37m                            └ ../../src/lib/elements/Link/Link.tsx[0m
   │ [37m                               └ ../../src/lib/elements/Link/index.ts[0m
   │ [37m                                  └ src/index.ts[0m
   ├ ../../../node_modules/.pnpm/kea@4.0.0-pre.3_react@18.3.1/node_modules/kea/lib/index.cjs.js[0m [37m───────────────────────────────────────────────────────────────────────────────────────────────────────────────────────────[0m 34.4kb[0m [37m───[0m 0.2%[0m
   │ [37m └ ../../src/lib/elements/ProfilePicture/ProfilePicture.tsx[0m
   │ [37m    └ ../../src/lib/elements/ProfilePicture/index.ts[0m
   │ [37m       └ src/index.ts[0m
   ├ ../../../node_modules/.pnpm/refractor@3.6.0/node_modules/refractor/lang/sqf.js[0m [37m───────────────────────────────────────────────────────────────────────────────────────────────────────────────────────────────────────[0m 32.7kb[0m [37m───[0m 0.2%[0m
   │ [37m └ ../../../node_modules/.pnpm/refractor@3.6.0/node_modules/refractor/index.js[0m
   │ [37m    └ ../../../node_modules/.pnpm/react-syntax-highlighter@15.5.0_react@18.3.1/node_modules/react-syntax-highlighter/dist/esm/prism.js[0m
   │ [37m       └ ../../../node_modules/.pnpm/react-syntax-highlighter@15.5.0_react@18.3.1/node_modules/react-syntax-highlighter/dist/esm/index.js[0m
   │ [37m          └ ../../src/lib/components/CodeSnippet/CodeSnippet.tsx[0m
   │ [37m             └ ../../src/lib/components/CodeSnippet/index.ts[0m
   │ [37m                └ ../../src/lib/elements/Markdown/Markdown.tsx[0m
   │ [37m                   └ ../../src/lib/elements/Markdown/index.ts[0m
   │ [37m                      └ ../../src/lib/components/Cards/TextCard/TextCard.tsx[0m
   │ [37m                         └ ../../src/lib/elements/TextArea/TextAreaMarkdown.tsx[0m
   │ [37m                            └ ../../src/lib/elements/TextArea/index.ts[0m
   │ [37m                               └ src/index.ts[0m
   ├ ../../../node_modules/.pnpm/monaco-editor@0.55.1/node_modules/monaco-editor/esm/vs/base/browser/ui/list/listWidget.js[0m [37m────────────────────────────────────────────────────────────────────────────────────────────────[0m 32.1kb[0m [37m───[0m 0.2%[0m
   │ [37m └ ../../../node_modules/.pnpm/monaco-editor@0.55.1/node_modules/monaco-editor/esm/vs/editor/contrib/suggest/browser/suggestWidget.js[0m
   │ [37m    └ ../../../node_modules/.pnpm/monaco-editor@0.55.1/node_modules/monaco-editor/esm/vs/editor/contrib/suggest/browser/suggestController.js[0m
   │ [37m       └ ../../../node_modules/.pnpm/monaco-editor@0.55.1/node_modules/monaco-editor/esm/vs/editor/editor.main.js[0m
   │ [37m          └ ../../src/lib/components/MonacoDiffEditor.tsx[0m
   │ [37m             └ ../../src/lib/components/ActivityLog/ActivityLog.tsx[0m
   │ [37m                └ ../../../products/workflows/frontend/Workflows/WorkflowScene.tsx[0m
   │ [37m                   └ ../../src/products.tsx[0m
   │ [37m                      └ ../../src/scenes/urls.ts[0m
   │ [37m                         └ ../../src/lib/elements/Link/Link.tsx[0m
   │ [37m                            └ ../../src/lib/elements/Link/index.ts[0m
   │ [37m                               └ src/index.ts[0m
   ├ ../../src/scenes/surveys/surveyLogic.tsx[0m [37m─────────────────────────────────────────────────────────────────────────────────────────────────────────────────────────────────────────────────────────────────────────────[0m 31.8kb[0m [37m───[0m 0.2%[0m
   │ [37m └ ../../src/lib/components/SurveyResponseDisplay/SurveyResponseDisplay.tsx[0m
   │ [37m    └ ../../src/scenes/activity/explore/EventDetails.tsx[0m
   │ [37m       └ ../../../products/llm_analytics/frontend/LLMAnalyticsScene.tsx[0m
   │ [37m          └ ../../src/products.tsx[0m
   │ [37m             └ ../../src/scenes/urls.ts[0m
   │ [37m                └ ../../src/lib/elements/Link/Link.tsx[0m
   │ [37m                   └ ../../src/lib/elements/Link/index.ts[0m
   │ [37m                      └ src/index.ts[0m
   ├ ../../../node_modules/.pnpm/chart.js@4.5.1/node_modules/chart.js/dist/chunks/helpers.dataset.js[0m [37m──────────────────────────────────────────────────────────────────────────────────────────────────────────────────────[0m 31.4kb[0m [37m───[0m 0.2%[0m
   │ [37m └ ../../../node_modules/.pnpm/chart.js@4.5.1/node_modules/chart.js/dist/chart.js[0m
   │ [37m    └ ../../src/lib/Chart.ts[0m
   │ [37m       └ ../../src/lib/hooks/useChart.ts[0m
   │ [37m          └ ../../../products/llm_analytics/frontend/clusters/ClusterDetailScatterPlot.tsx[0m
   │ [37m             └ ../../../products/llm_analytics/frontend/clusters/LLMAnalyticsClusterScene.tsx[0m
   │ [37m                └ ../../src/products.tsx[0m
   │ [37m                   └ ../../src/scenes/urls.ts[0m
   │ [37m                      └ ../../src/lib/elements/Link/Link.tsx[0m
   │ [37m                         └ ../../src/lib/elements/Link/index.ts[0m
   │ [37m                            └ src/index.ts[0m
   ├ ../../src/scenes/session-recordings/player/sessionRecordingPlayerLogic.ts[0m [37m────────────────────────────────────────────────────────────────────────────────────────────────────────────────────────────────────────────[0m 31.3kb[0m [37m───[0m 0.2%[0m
   │ [37m └ ../../../products/session_summaries/frontend/SessionGroupSummaryDetailsModal.tsx[0m
   │ [37m    └ ../../../products/session_summaries/frontend/SessionGroupSummaryScene.tsx[0m
   │ [37m       └ ../../src/products.tsx[0m
   │ [37m          └ ../../src/scenes/urls.ts[0m
   │ [37m             └ ../../src/lib/elements/Link/Link.tsx[0m
   │ [37m                └ ../../src/lib/elements/Link/index.ts[0m
   │ [37m                   └ src/index.ts[0m
   ├ ../../../node_modules/.pnpm/monaco-editor@0.55.1/node_modules/monaco-editor/esm/vs/editor/browser/viewParts/minimap/minimap.js[0m [37m───────────────────────────────────────────────────────────────────────────────────────[0m 30.8kb[0m [37m───[0m 0.2%[0m
   │ [37m └ ../../../node_modules/.pnpm/monaco-editor@0.55.1/node_modules/monaco-editor/esm/vs/editor/browser/view.js[0m
   │ [37m    └ ../../../node_modules/.pnpm/monaco-editor@0.55.1/node_modules/monaco-editor/esm/vs/editor/browser/widget/codeEditor/codeEditorWidget.js[0m
   │ [37m       └ ../../../node_modules/.pnpm/monaco-editor@0.55.1/node_modules/monaco-editor/esm/vs/editor/editor.main.js[0m
   │ [37m          └ ../../src/lib/components/MonacoDiffEditor.tsx[0m
   │ [37m             └ ../../src/lib/components/ActivityLog/ActivityLog.tsx[0m
   │ [37m                └ ../../../products/workflows/frontend/Workflows/WorkflowScene.tsx[0m
   │ [37m                   └ ../../src/products.tsx[0m
   │ [37m                      └ ../../src/scenes/urls.ts[0m
   │ [37m                         └ ../../src/lib/elements/Link/Link.tsx[0m
   │ [37m                            └ ../../src/lib/elements/Link/index.ts[0m
   │ [37m                               └ src/index.ts[0m
   ├ ../../../node_modules/.pnpm/prosemirror-transform@1.10.4/node_modules/prosemirror-transform/dist/index.js[0m [37m────────────────────────────────────────────────────────────────────────────────────────────────────────────[0m 30.2kb[0m [37m───[0m 0.2%[0m
   │ [37m └ ../../../node_modules/.pnpm/@tiptap+pm@3.19.0/node_modules/@tiptap/pm/dist/transform/index.js[0m
   │ [37m    └ ../../../node_modules/.pnpm/@tiptap+core@3.19.0_@tiptap+pm@3.19.0/node_modules/@tiptap/core/dist/index.js[0m
   │ [37m       └ ../../src/lib/components/RichContentEditor/RichContentNodeMention.tsx[0m
   │ [37m          └ ../../src/lib/elements/Markdown/Markdown.tsx[0m
   │ [37m             └ ../../src/lib/elements/Markdown/index.ts[0m
   │ [37m                └ ../../src/lib/components/Cards/TextCard/TextCard.tsx[0m
   │ [37m                   └ ../../src/lib/elements/TextArea/TextAreaMarkdown.tsx[0m
   │ [37m                      └ ../../src/lib/elements/TextArea/index.ts[0m
   │ [37m                         └ src/index.ts[0m
   ├ ../../src/scenes/scenes.ts[0m [37m───────────────────────────────────────────────────────────────────────────────────────────────────────────────────────────────────────────────────────────────────────────────────────────[0m 29.1kb[0m [37m───[0m 0.2%[0m
   │ [37m └ ../../src/scenes/sceneLogic.tsx[0m
   │ [37m    └ ../../src/layout/navigation-3000/themeLogic.ts[0m
   │ [37m       └ ../../src/lib/elements/Color/ColorGlyph.tsx[0m
   │ [37m          └ ../../src/lib/elements/Color/index.ts[0m
   │ [37m             └ src/index.ts[0m
   ├ ../../src/scenes/dashboard/dashboardLogic.tsx[0m [37m────────────────────────────────────────────────────────────────────────────────────────────────────────────────────────────────────────────────────────────────────────[0m 28.6kb[0m [37m───[0m 0.2%[0m
   │ [37m └ ../../../products/llm_analytics/frontend/LLMAnalyticsScene.tsx[0m
   │ [37m    └ ../../src/products.tsx[0m
   │ [37m       └ ../../src/scenes/urls.ts[0m
   │ [37m          └ ../../src/lib/elements/Link/Link.tsx[0m
   │ [37m             └ ../../src/lib/elements/Link/index.ts[0m
   │ [37m                └ src/index.ts[0m
   ├ ../../../node_modules/.pnpm/@jspm+core@2.0.1/node_modules/@jspm/core/nodelibs/browser/buffer.js[0m [37m──────────────────────────────────────────────────────────────────────────────────────────────────────────────────────[0m 27.9kb[0m [37m───[0m 0.2%[0m
   │ [37m └ ../../../common/scriptvm/typescript/dist/module.js[0m
   │ [37m    └ ../../src/lib/components/CyclotronJob/cyclotronJobTemplateSuggestionsLogic.tsx[0m
   │ [37m       └ ../../src/lib/components/CyclotronJob/CyclotronJobTemplateSuggestions.tsx[0m
   │ [37m          └ ../../src/scenes/insights-functions/email-templater/EmailTemplater.tsx[0m
   │ [37m             └ ../../../products/workflows/frontend/TemplateLibrary/MessageTemplate.tsx[0m
   │ [37m                └ ../../src/products.tsx[0m
   │ [37m                   └ ../../src/scenes/urls.ts[0m
   │ [37m                      └ ../../src/lib/elements/Link/Link.tsx[0m
   │ [37m                         └ ../../src/lib/elements/Link/index.ts[0m
   │ [37m                            └ src/index.ts[0m
   ├ ../../../node_modules/.pnpm/@jspm+core@2.0.1/node_modules/@jspm/core/nodelibs/browser/chunk-4ccc3a29.js[0m [37m──────────────────────────────────────────────────────────────────────────────────────────────────────────────[0m 27.0kb[0m [37m───[0m 0.2%[0m
   │ [37m └ ../../../node_modules/.pnpm/@jspm+core@2.0.1/node_modules/@jspm/core/nodelibs/browser/crypto.js[0m
   │ [37m    └ ../../src/lib/iql.ts[0m
   │ [37m       └ ../../src/queries/nodes/DataVisualization/Components/Table.tsx[0m
   │ [37m          └ ../../src/queries/nodes/DataNode/LoadNext.tsx[0m
   │ [37m             └ ../../src/queries/nodes/DataTable/DataTable.tsx[0m
   │ [37m                └ ../../../products/llm_analytics/frontend/prompts/LLMPromptScene.tsx[0m
   │ [37m                   └ ../../src/products.tsx[0m
   │ [37m                      └ ../../src/scenes/urls.ts[0m
   │ [37m                         └ ../../src/lib/elements/Link/Link.tsx[0m
   │ [37m                            └ ../../src/lib/elements/Link/index.ts[0m
   │ [37m                               └ src/index.ts[0m
   ├ ../../../node_modules/.pnpm/monaco-editor@0.55.1/node_modules/monaco-editor/esm/vs/base/browser/ui/list/listView.js[0m [37m──────────────────────────────────────────────────────────────────────────────────────────────────[0m 26.8kb[0m [37m───[0m 0.2%[0m
   │ [37m └ ../../../node_modules/.pnpm/monaco-editor@0.55.1/node_modules/monaco-editor/esm/vs/base/browser/ui/list/listWidget.js[0m
   │ [37m    └ ../../../node_modules/.pnpm/monaco-editor@0.55.1/node_modules/monaco-editor/esm/vs/editor/contrib/suggest/browser/suggestWidget.js[0m
   │ [37m       └ ../../../node_modules/.pnpm/monaco-editor@0.55.1/node_modules/monaco-editor/esm/vs/editor/contrib/suggest/browser/suggest
> @hanzo/elements@0.0.0 build:types /home/z/work/hanzo/insights/frontend/@hanzo/elements
> echo "Building types" && tsup src/index.ts --dts-only

Building types
CLI Building entry: src/index.ts
CLI Using tsconfig: tsconfig.json
CLI tsup v5.12.9
DTS Build start
error TS5074: Option '--incremental' can only be specified using tsconfig, emitting to single file or when option '--tsBuildInfoFile' is specified.

Error: error occured in dts build
    at Worker.<anonymous> (/home/z/work/hanzo/insights/node_modules/.pnpm/tsup@5.12.9_@swc+core@1.11.4_@swc+helpers@0.5.15__postcss@8.5.8_ts-node@10.9.1_@swc+core@1.11_p6bohbmtxgass55u6l3f6yzyge/node_modules/tsup/dist/index.js:2067:22)
    at Worker.emit (node:events:519:28)
    at MessagePort.<anonymous> (node:internal/worker:270:53)
    at [nodejs.internal.kHybridDispatch] (node:internal/event_target:843:20)
    at MessagePort.<anonymous> (node:internal/per_context/messageport:23:28)
DTS Build error
Error: Failed to compile. Check the logs above.
    at error (/home/z/work/hanzo/insights/node_modules/.pnpm/rollup@2.80.0/node_modules/rollup/dist/shared/rollup.js:198:30)
    at throwPluginError (/home/z/work/hanzo/insights/node_modules/.pnpm/rollup@2.80.0/node_modules/rollup/dist/shared/rollup.js:21748:12)
    at Object.error (/home/z/work/hanzo/insights/node_modules/.pnpm/rollup@2.80.0/node_modules/rollup/dist/shared/rollup.js:22702:20)
    at Object.error (/home/z/work/hanzo/insights/node_modules/.pnpm/rollup@2.80.0/node_modules/rollup/dist/shared/rollup.js:21925:42)
    at Object.transform (/home/z/work/hanzo/insights/node_modules/.pnpm/tsup@5.12.9_@swc+core@1.11.4_@swc+helpers@0.5.15__postcss@8.5.8_ts-node@10.9.1_@swc+core@1.11_p6bohbmtxgass55u6l3f6yzyge/node_modules/tsup/dist/rollup.js:8400:20)
    at /home/z/work/hanzo/insights/node_modules/.pnpm/rollup@2.80.0/node_modules/rollup/dist/shared/rollup.js:22909:40
 ELIFECYCLE  Command failed with exit code 1.
 ELIFECYCLE  Command failed with exit code 1.
