# serializer version: 1
# name: TestPreflight.test_cloud_preflight_limited_db_queries
  '''
  SELECT "insights_user"."id",
         "insights_user"."password",
         "insights_user"."last_login",
         "insights_user"."first_name",
         "insights_user"."last_name",
         "insights_user"."is_staff",
         "insights_user"."date_joined",
         "insights_user"."uuid",
         "insights_user"."current_organization_id",
         "insights_user"."current_team_id",
         "insights_user"."email",
         "insights_user"."pending_email",
         "insights_user"."temporary_token",
         "insights_user"."distinct_id",
         "insights_user"."is_email_verified",
         "insights_user"."requested_2fa_reset_at",
         "insights_user"."has_seen_product_intro_for",
         "insights_user"."strapi_id",
         "insights_user"."is_active",
         "insights_user"."role_at_organization",
         "insights_user"."theme_mode",
         "insights_user"."partial_notification_settings",
         "insights_user"."anonymize_data",
         "insights_user"."allow_impersonation",
         "insights_user"."toolbar_mode",
         "insights_user"."hedgehog_config",
         "insights_user"."allow_sidebar_suggestions",
         "insights_user"."shortcut_position",
         "insights_user"."passkeys_enabled_for_2fa",
         "insights_user"."events_column_config",
         "insights_user"."email_opt_in"
  FROM "insights_user"
  WHERE "insights_user"."id" = 99999
  LIMIT 21
  '''
# ---
# name: TestPreflight.test_cloud_preflight_limited_db_queries.1
  '''
  SELECT "insights_organization"."id",
         "insights_organization"."name",
         "insights_organization"."slug",
         "insights_organization"."logo_media_id",
         "insights_organization"."created_at",
         "insights_organization"."updated_at",
         "insights_organization"."is_active",
         "insights_organization"."is_not_active_reason",
         "insights_organization"."session_cookie_age",
         "insights_organization"."is_member_join_email_enabled",
         "insights_organization"."is_ai_data_processing_approved",
         "insights_organization"."enforce_2fa",
         "insights_organization"."members_can_invite",
         "insights_organization"."members_can_use_personal_api_keys",
         "insights_organization"."allow_publicly_shared_resources",
         "insights_organization"."default_role_id",
         "insights_organization"."plugins_access_level",
         "insights_organization"."for_internal_metrics",
         "insights_organization"."default_experiment_stats_method",
         "insights_organization"."default_anonymize_ips",
         "insights_organization"."is_hipaa",
         "insights_organization"."customer_id",
         "insights_organization"."available_product_features",
         "insights_organization"."usage",
         "insights_organization"."never_drop_data",
         "insights_organization"."customer_trust_scores",
         "insights_organization"."setup_section_2_completed",
         "insights_organization"."personalization",
         "insights_organization"."domain_whitelist",
         "insights_organization"."is_platform"
  FROM "insights_organization"
  WHERE "insights_organization"."id" = '00000000-0000-0000-0000-000000000000'::uuid
  LIMIT 21
  '''
# ---
# name: TestPreflight.test_cloud_preflight_limited_db_queries.2
  '''
  SELECT "insights_team"."id",
         "insights_team"."uuid",
         "insights_team"."organization_id",
         "insights_team"."parent_team_id",
         "insights_team"."project_id",
         "insights_team"."api_token",
         "insights_team"."app_urls",
         "insights_team"."name",
         "insights_team"."slack_incoming_webhook",
         "insights_team"."created_at",
         "insights_team"."updated_at",
         "insights_team"."anonymize_ips",
         "insights_team"."completed_snippet_onboarding",
         "insights_team"."has_completed_onboarding_for",
         "insights_team"."onboarding_tasks",
         "insights_team"."ingested_event",
         "insights_team"."person_processing_opt_out",
         "insights_team"."secret_api_token",
         "insights_team"."secret_api_token_backup",
         "insights_team"."session_recording_opt_in",
         "insights_team"."session_recording_sample_rate",
         "insights_team"."session_recording_minimum_duration_milliseconds",
         "insights_team"."session_recording_linked_flag",
         "insights_team"."session_recording_network_payload_capture_config",
         "insights_team"."session_recording_masking_config",
         "insights_team"."session_recording_url_trigger_config",
         "insights_team"."session_recording_url_blocklist_config",
         "insights_team"."session_recording_event_trigger_config",
         "insights_team"."session_recording_trigger_match_type_config",
         "insights_team"."session_replay_config",
         "insights_team"."session_recording_retention_period",
         "insights_team"."session_recording_encryption",
         "insights_team"."conversations_enabled",
         "insights_team"."conversations_settings",
         "insights_team"."proactive_tasks_enabled",
         "insights_team"."survey_config",
         "insights_team"."surveys_opt_in",
         "insights_team"."product_tours_opt_in",
         "insights_team"."capture_console_log_opt_in",
         "insights_team"."capture_performance_opt_in",
         "insights_team"."capture_dead_clicks",
         "insights_team"."autocapture_opt_out",
         "insights_team"."autocapture_web_vitals_opt_in",
         "insights_team"."autocapture_web_vitals_allowed_metrics",
         "insights_team"."autocapture_exceptions_opt_in",
         "insights_team"."autocapture_exceptions_errors_to_ignore",
         "insights_team"."logs_settings",
         "insights_team"."heatmaps_opt_in",
         "insights_team"."receive_org_level_activity_logs",
         "insights_team"."web_analytics_pre_aggregated_tables_enabled",
         "insights_team"."web_analytics_pre_aggregated_tables_version",
         "insights_team"."flags_persistence_default",
         "insights_team"."feature_flag_confirmation_enabled",
         "insights_team"."feature_flag_confirmation_message",
         "insights_team"."default_evaluation_environments_enabled",
         "insights_team"."require_evaluation_environment_tags",
         "insights_team"."default_evaluation_contexts_enabled",
         "insights_team"."require_evaluation_contexts",
         "insights_team"."session_recording_version",
         "insights_team"."signup_token",
         "insights_team"."is_demo",
         "insights_team"."access_control",
         "insights_team"."week_start_day",
         "insights_team"."inject_web_apps",
         "insights_team"."test_account_filters",
         "insights_team"."test_account_filters_default_checked",
         "insights_team"."path_cleaning_filters",
         "insights_team"."timezone",
         "insights_team"."data_attributes",
         "insights_team"."person_display_name_properties",
         "insights_team"."live_events_columns",
         "insights_team"."recording_domains",
         "insights_team"."human_friendly_comparison_periods",
         "insights_team"."cookieless_server_hash_mode",
         "insights_team"."primary_dashboard_id",
         "insights_team"."default_data_theme",
         "insights_team"."extra_settings",
         "insights_team"."modifiers",
         "insights_team"."correlation_config",
         "insights_team"."session_recording_retention_period_days",
         "insights_team"."plugins_opt_in",
         "insights_team"."opt_out_capture",
         "insights_team"."event_names",
         "insights_team"."event_names_with_usage",
         "insights_team"."event_properties",
         "insights_team"."event_properties_with_usage",
         "insights_team"."event_properties_numerical",
         "insights_team"."external_data_workspace_id",
         "insights_team"."external_data_workspace_last_synced_at",
         "insights_team"."api_query_rate_limit",
         "insights_team"."revenue_tracking_config",
         "insights_team"."drop_events_older_than",
         "insights_team"."base_currency",
         "insights_team"."experiment_recalculation_time",
         "insights_team"."default_experiment_confidence_level",
         "insights_team"."default_experiment_stats_method",
         "insights_team"."business_model"
  FROM "insights_team"
  WHERE "insights_team"."id" = 99999
  LIMIT 21
  '''
# ---
